// Jest Snapshot v1, https://goo.gl/fbAQLP

exports[`loadIntermTotalClaim should call sequelize.query with correct SQL and parameters 1`] = `
[MockFunction] {
  "calls": [
    [
      "
    INSERT INTO public."etlIntermTotalClaim" ("claimId", "paymentRef")
    SELECT
      (SELECT "claimId" FROM public."etlIntermFinanceDax" WHERE "paymentRef" = T."paymentRef" LIMIT 1) as "applicationId",
      T."paymentRef"
    FROM public."etlIntermTotal" T
    WHERE T."etlInsertedDt" > :startDate
    ON CONFLICT ("claimId", "paymentRef") DO NOTHING;
  ",
      {
        "raw": true,
        "replacements": {
          "startDate": "2023-01-01",
        },
        "transaction": {},
      },
    ],
  ],
  "results": [
    {
      "type": "return",
      "value": undefined,
    },
  ],
}
`;
